// Jest Snapshot v1, https://goo.gl/fbAQLP

exports[`Testing snapshot for Friendbuy's trackCustomer destination action: all fields 1`] = `Object {}`;

exports[`Testing snapshot for Friendbuy's trackCustomer destination action: required fields 1`] = `Object {}`;

exports[`Testing snapshot for Friendbuy's trackCustomer destination action: required fields 2`] = `
Headers {
  Symbol(map): Object {
    "user-agent": Array [
      "Segment",
    ],
  },
}
`;
